#youtube
DOMAIN-SUFFIX,i.ytimg.com
DOMAIN-SUFFIX,ytimg.com
DOMAIN-SUFFIX,googlevideo.com
DOMAIN-SUFFIX,youtube.com
DOMAIN-SUFFIX,ggpht.com
DOMAIN-SUFFIX,youtubei.googleapis.com
DOMAIN-SUFFIX,youtu.be
DOMAIN-SUFFIX,nhacmp3youtube.com
DOMAIN-SUFFIX,googleusercontent.com
DOMAIN-SUFFIX,youtubetoken-pa.googleapis.com
DOMAIN-SUFFIX,nhacmp3youtube.com
DOMAIN-SUFFIX,youtube-nocookie.com

#AI
DOMAIN-SUFFIX,openai.com
DOMAIN-SUFFIX,chatgpt.com
DOMAIN-KEYWORD,openai
DOMAIN-SUFFIX,copilot.microsoft.com
DOMAIN-SUFFIX,bard.google.com
DOMAIN-SUFFIX,gemini.google.com
DOMAIN-SUFFIX,makersuite.google.com
DOMAIN-SUFFIX,generativelanguage.googleapis.com
DOMAIN-SUFFIX,alkalimakersuite-pa.clients6.google.com
DOMAIN-SUFFIX,claude.ai
DOMAIN-SUFFIX,anthropic.com
DOMAIN-SUFFIX,hsforms.net
DOMAIN-SUFFIX,grazie.aws.intellij.net
DOMAIN-SUFFIX,grazie.ai
DOMAIN-SUFFIX,x.ai
DOMAIN-SUFFIX,use.typekit.net

#instagram
DOMAIN-SUFFIX,instagram.com
DOMAIN-SUFFIX,cdninstagram.com
DOMAIN-SUFFIX,static.cdninstagram.com
DOMAIN-KEYWORD,instagram

#love
DOMAIN-SUFFIX,xhamster.com
DOMAIN-SUFFIX,xvideos.com
DOMAIN-SUFFIX,xv-ru.com
DOMAIN-SUFFIX,spankbang.com
DOMAIN-SUFFIX,pornolab.net
DOMAIN-SUFFIX,pornhub.com
DOMAIN-SUFFIX,phncdn.com
DOMAIN-SUFFIX,phprcdn.com
DOMAIN-SUFFIX,etahub.com
DOMAIN-SUFFIX,tubesafari.com
DOMAIN-SUFFIX,xnxx.com

#twitter
DOMAIN-SUFFIX,x.com
DOMAIN-SUFFIX,twimg.com
DOMAIN-KEYWORD,twitter

#kinopub
DOMAIN-SUFFIX,kino.pub
DOMAIN-SUFFIX,5c28.dpr.ovh
DOMAIN-SUFFIX,kpapp.link
DOMAIN-SUFFIX,kpappn.link
DOMAIN-SUFFIX,xbdfgdf.link
DOMAIN-SUFFIX,kinopub.online
DOMAIN-SUFFIX,mos-gorsud.net
DOMAIN-SUFFIX,cdntogo.net

#torrent
DOMAIN-KEYWORD,rutracker
DOMAIN-KEYWORD,rutor
DOMAIN-SUFFIX,thepiratebay.org

#check
DOMAIN-SUFFIX,whoer.net
DOMAIN-SUFFIX,myip.com
DOMAIN-SUFFIX,check-host.net
DOMAIN-SUFFIX,ipleak.net
DOMAIN-SUFFIX,browserleaks.com

#other
DOMAIN-SUFFIX,cloudflare-ech.com
DOMAIN-SUFFIX,flibusta.su
DOMAIN-SUFFIX,ficbook.net
DOMAIN-SUFFIX,aws.amazon.com
DOMAIN-KEYWORD,adguard
DOMAIN-SUFFIX,zerolab.net
DOMAIN-SUFFIX,rentry.co
DOMAIN-SUFFIX,amnezia.org
DOMAIN-SUFFIX,facebook.com
DOMAIN-SUFFIX,meduza.io
DOMAIN-SUFFIX,4pda.to
DOMAIN-SUFFIX,dtf.ru
DOMAIN-SUFFIX,ua
DOMAIN-SUFFIX,habr.com
DOMAIN-SUFFIX,medium.com
DOMAIN-SUFFIX,rublacklist.net
DOMAIN-SUFFIX,ntc.party
DOMAIN-SUFFIX,miracleptr.wordpress.com
DOMAIN-SUFFIX,itdog.info
DOMAIN-SUFFIX,speedtest.net
